mode: atomic
async-api-task-manager/internal/storage/postgres/repository/postgres_suite.go:26.31,27.14 1 1
async-api-task-manager/internal/storage/postgres/repository/postgres_suite.go:27.14,29.3 1 0
async-api-task-manager/internal/storage/postgres/repository/postgres_suite.go:30.2,44.16 4 1
async-api-task-manager/internal/storage/postgres/repository/postgres_suite.go:44.16,46.3 1 0
async-api-task-manager/internal/storage/postgres/repository/postgres_suite.go:48.2,49.16 2 1
async-api-task-manager/internal/storage/postgres/repository/postgres_suite.go:49.16,51.3 1 0
async-api-task-manager/internal/storage/postgres/repository/postgres_suite.go:53.2,56.16 2 1
async-api-task-manager/internal/storage/postgres/repository/postgres_suite.go:56.16,58.3 1 0
async-api-task-manager/internal/storage/postgres/repository/postgres_suite.go:60.2,62.39 2 1
async-api-task-manager/internal/storage/postgres/repository/postgres_suite.go:62.39,64.3 1 0
async-api-task-manager/internal/storage/postgres/repository/postgres_suite.go:68.28,77.16 2 1
async-api-task-manager/internal/storage/postgres/repository/postgres_suite.go:77.16,79.3 1 0
async-api-task-manager/internal/storage/postgres/repository/postgres_suite.go:81.2,89.16 2 1
async-api-task-manager/internal/storage/postgres/repository/postgres_suite.go:89.16,91.3 1 0
async-api-task-manager/internal/storage/postgres/repository/postgres_suite.go:92.2,92.12 1 1
async-api-task-manager/internal/storage/postgres/repository/postgres_suite.go:95.34,96.14 1 0
async-api-task-manager/internal/storage/postgres/repository/postgres_suite.go:96.14,98.3 1 0
async-api-task-manager/internal/storage/postgres/repository/postgres_suite.go:100.2,100.24 1 0
async-api-task-manager/internal/storage/postgres/repository/postgres_suite.go:100.24,105.17 4 0
async-api-task-manager/internal/storage/postgres/repository/postgres_suite.go:105.17,107.4 1 0
async-api-task-manager/internal/storage/postgres/repository/postgres_suite.go:111.62,112.14 1 0
async-api-task-manager/internal/storage/postgres/repository/postgres_suite.go:112.14,114.3 1 0
async-api-task-manager/internal/storage/postgres/repository/postgres_suite.go:114.8,115.38 1 0
async-api-task-manager/internal/storage/postgres/repository/task.go:20.53,24.2 1 1
async-api-task-manager/internal/storage/postgres/repository/task.go:26.90,36.48 2 3
async-api-task-manager/internal/storage/postgres/repository/task.go:36.48,37.45 1 1
async-api-task-manager/internal/storage/postgres/repository/task.go:37.45,39.4 1 1
async-api-task-manager/internal/storage/postgres/repository/task.go:40.3,40.63 1 0
async-api-task-manager/internal/storage/postgres/repository/task.go:43.2,43.19 1 2
async-api-task-manager/internal/storage/postgres/repository/task.go:46.100,50.26 3 1
async-api-task-manager/internal/storage/postgres/repository/task.go:50.26,52.3 1 1
async-api-task-manager/internal/storage/postgres/repository/task.go:54.2,54.26 1 1
async-api-task-manager/internal/storage/postgres/repository/task.go:54.26,56.3 1 0
async-api-task-manager/internal/storage/postgres/repository/task.go:58.2,58.28 1 1
async-api-task-manager/internal/storage/postgres/repository/task.go:58.28,60.3 1 0
async-api-task-manager/internal/storage/postgres/repository/task.go:62.2,62.48 1 1
async-api-task-manager/internal/storage/postgres/repository/task.go:62.48,64.3 1 0
async-api-task-manager/internal/storage/postgres/repository/task.go:66.2,66.18 1 1
async-api-task-manager/internal/storage/postgres/repository/task.go:69.78,70.63 1 1
async-api-task-manager/internal/storage/postgres/repository/task.go:70.63,72.3 1 0
async-api-task-manager/internal/storage/postgres/repository/task.go:73.2,73.12 1 1
async-api-task-manager/internal/storage/postgres/repository/task.go:76.78,77.65 1 5
async-api-task-manager/internal/storage/postgres/repository/task.go:77.65,79.3 1 0
async-api-task-manager/internal/storage/postgres/repository/task.go:80.2,80.12 1 5
async-api-task-manager/internal/storage/postgres/repository/task.go:83.74,86.22 2 1
async-api-task-manager/internal/storage/postgres/repository/task.go:86.22,88.3 1 0
async-api-task-manager/internal/storage/postgres/repository/task.go:90.2,90.27 1 1
async-api-task-manager/internal/storage/postgres/repository/task.go:90.27,92.3 1 0
async-api-task-manager/internal/storage/postgres/repository/task.go:94.2,94.12 1 1
async-api-task-manager/internal/storage/postgres/repository/user.go:14.53,16.2 1 0
async-api-task-manager/internal/storage/postgres/repository/user.go:18.78,19.65 1 0
async-api-task-manager/internal/storage/postgres/repository/user.go:19.65,21.3 1 0
async-api-task-manager/internal/storage/postgres/repository/user.go:22.2,22.12 1 0
